<object-stream>
<org.drools.audit.event.ObjectLogEvent>
  <type>1</type>
  <factId>1</factId>
  <objectToString>com.sample.Event@62d337d3</objectToString>
</org.drools.audit.event.ObjectLogEvent>
<org.drools.audit.event.ActivationLogEvent>
  <type>4</type>
  <activationId>Hello World [1, 0]</activationId>
  <rule>Hello World</rule>
  <declarations>$newEvent=com.sample.Event@62d337d3(1)</declarations>
</org.drools.audit.event.ActivationLogEvent>
<org.drools.audit.event.ActivationLogEvent>
  <type>6</type>
  <activationId>Hello World [1, 0]</activationId>
  <rule>Hello World</rule>
  <declarations>$newEvent=com.sample.Event@62d337d3(1)</declarations>
</org.drools.audit.event.ActivationLogEvent>
<org.drools.audit.event.ActivationLogEvent>
  <type>7</type>
  <activationId>Hello World [1, 0]</activationId>
  <rule>Hello World</rule>
  <declarations>$newEvent=com.sample.Event@62d337d3(1)</declarations>
</org.drools.audit.event.ActivationLogEvent>
<org.drools.audit.event.ObjectLogEvent>
  <type>1</type>
  <factId>2</factId>
  <objectToString>com.sample.Event@2efeecca</objectToString>
</org.drools.audit.event.ObjectLogEvent>
<org.drools.audit.event.ActivationLogEvent>
  <type>4</type>
  <activationId>Hello World [2, 0]</activationId>
  <rule>Hello World</rule>
  <declarations>$newEvent=com.sample.Event@2efeecca(2)</declarations>
</org.drools.audit.event.ActivationLogEvent>
<org.drools.audit.event.ActivationLogEvent>
  <type>6</type>
  <activationId>Hello World [2, 0]</activationId>
  <rule>Hello World</rule>
  <declarations>$newEvent=com.sample.Event@2efeecca(2)</declarations>
</org.drools.audit.event.ActivationLogEvent>
<org.drools.audit.event.ActivationLogEvent>
  <type>7</type>
  <activationId>Hello World [2, 0]</activationId>
  <rule>Hello World</rule>
  <declarations>$newEvent=com.sample.Event@2efeecca(2)</declarations>
</org.drools.audit.event.ActivationLogEvent>
</object-stream>
